4.51....7..1..6..4.8.2.........7.56.7...2...8.94.3.........2.8.6..8..4..8....97.6
+-----------------------------+-----------------------------+-----------------------------+
|4.        236       5.       |1.        89        38       |23689     239       7.       |
|239       237       1.       |3579      589       6.       |2389      2359      4.       |
|39        8.        3679     |2.        459       3457     |1369      1359      1359     |
+-----------------------------+-----------------------------+-----------------------------+
|123       123       238      |49        7.        148      |5.        6.        1239     |
|7.        1356      36       |4569      2.        145      |139       1349      8.       |
|125       9.        4.       |56        3.        158      |12        127       12       |
+-----------------------------+-----------------------------+-----------------------------+
|1359      13457     379      |34567     1456      2.       |139       8.        1359     |
|6.        12357     2379     |8.        15        1357     |4.        12359     12359    |
|8.        12345     23       |345       145       9.       |7.        1235      6.       |
+-----------------------------+-----------------------------+-----------------------------+

+-----------------------------+-----------------------------+-----------------------------+
|4.        6.        5.       |1.        8.        3.       |2.        9.        7.       |
|3.        2.        1.       |7.        9.        6.       |8.        5.        4.       |
|9.        8.        7.       |2.        4.        5.       |6.        3.        1.       |
+-----------------------------+-----------------------------+-----------------------------+
|2.        1.        8.       |9.        7.        4.       |5.        6.        3.       |
|7.        3.        6.       |5.        2.        1.       |9.        4.        8.       |
|5.        9.        4.       |6.        3.        8.       |1.        7.        2.       |
+-----------------------------+-----------------------------+-----------------------------+
|1.        7.        9.       |4.        6.        2.       |3.        8.        5.       |
|6.        5.        3.       |8.        1.        7.       |4.        2.        9.       |
|8.        4.        2.       |3.        5.        9.       |7.        1.        6.       |
+-----------------------------+-----------------------------+-----------------------------+

4.51....7..1..6..4.8.2.........7.56.7...2...8.94.3.........2.8.6..8..4..8....97.6
+-----------------------------+-----------------------------+-----------------------------+
|4.        236       5.       |1.        89        38       |23689     239       7.       |
|239       237       1.       |3579      589       6.       |2389      2359      4.       |
|39        8.        3679     |2.        459       3457     |1369      1359      1359     |
+-----------------------------+-----------------------------+-----------------------------+
|123       123       238      |49        7.        148      |5.        6.        1239     |
|7.        1356      36       |4569      2.        145      |139       1349      8.       |
|125       9.        4.       |56        3.        158      |12        127       12       |
+-----------------------------+-----------------------------+-----------------------------+
|1359      13457     379      |34567     1456      2.       |139       8.        1359     |
|6.        12357     2379     |8.        15        1357     |4.        12359     12359    |
|8.        12345     23       |345       145       9.       |7.        1235      6.       |
+-----------------------------+-----------------------------+-----------------------------+

+-----------------------------+-----------------------------+-----------------------------+
|4.        6.        5.       |1.        8.        3.       |2.        9.        7.       |
|3.        2.        1.       |7.        9.        6.       |8.        5.        4.       |
|9.        8.        7.       |2.        4.        5.       |6.        3.        1.       |
+-----------------------------+-----------------------------+-----------------------------+
|2.        1.        8.       |9.        7.        4.       |5.        6.        3.       |
|7.        3.        6.       |5.        2.        1.       |9.        4.        8.       |
|5.        9.        4.       |6.        3.        8.       |1.        7.        2.       |
+-----------------------------+-----------------------------+-----------------------------+
|1.        7.        9.       |4.        6.        2.       |3.        8.        5.       |
|6.        5.        3.       |8.        1.        7.       |4.        2.        9.       |
|8.        4.        2.       |3.        5.        9.       |7.        1.        6.       |
+-----------------------------+-----------------------------+-----------------------------+

4.51.3..7..1..6..4.8.2.......8.7.56.7...2..48594638.7.1...62.856..81.4..8.23.9716
+-----------------------------+-----------------------------+-----------------------------+
|4.        26        5.       |1.        89        3.       |268       29        7.       |
|239       237       1.       |57        589       6.       |28        2359      4.       |
|39        8.        3679     |2.        459       457      |16        359       139      |
+-----------------------------+-----------------------------+-----------------------------+
|23        123       8.       |49        7.        14       |5.        6.        39       |
|7.        136       36       |59        2.        15       |39        4.        8.       |
|5.        9.        4.       |6.        3.        8.       |12        7.        12       |
+-----------------------------+-----------------------------+-----------------------------+
|1.        47        39       |47        6.        2.       |39        8.        5.       |
|6.        357       379      |8.        1.        57       |4.        239       239      |
|8.        45        2.       |3.        45        9.       |7.        1.        6.       |
+-----------------------------+-----------------------------+-----------------------------+

+-----------------------------+-----------------------------+-----------------------------+
|4.        6.        5.       |1.        8.        3.       |2.        9.        7.       |
|3.        2.        1.       |7.        9.        6.       |8.        5.        4.       |
|9.        8.        7.       |2.        4.        5.       |6.        3.        1.       |
+-----------------------------+-----------------------------+-----------------------------+
|2.        1.        8.       |9.        7.        4.       |5.        6.        3.       |
|7.        3.        6.       |5.        2.        1.       |9.        4.        8.       |
|5.        9.        4.       |6.        3.        8.       |1.        7.        2.       |
+-----------------------------+-----------------------------+-----------------------------+
|1.        7.        9.       |4.        6.        2.       |3.        8.        5.       |
|6.        5.        3.       |8.        1.        7.       |4.        2.        9.       |
|8.        4.        2.       |3.        5.        9.       |7.        1.        6.       |
+-----------------------------+-----------------------------+-----------------------------+

BATCH OK Time: 0.17
