4.51....7..1..6..4.8.2.........7.56.7...2...8.94.3.........2.8.6..8..4..8....97.6
+-----------------------------+-----------------------------+-----------------------------+
|4.        236       5.       |1.        89        38       |23689     239       7.       |
|239       237       1.       |3579      589       6.       |2389      2359      4.       |
|39        8.        3679     |2.        459       3457     |1369      1359      1359     |
+-----------------------------+-----------------------------+-----------------------------+
|123       123       238      |49        7.        148      |5.        6.        1239     |
|7.        1356      36       |4569      2.        145      |139       1349      8.       |
|125       9.        4.       |56        3.        158      |12        127       12       |
+-----------------------------+-----------------------------+-----------------------------+
|1359      13457     379      |34567     1456      2.       |139       8.        1359     |
|6.        12357     2379     |8.        15        1357     |4.        12359     12359    |
|8.        12345     23       |345       145       9.       |7.        1235      6.       |
+-----------------------------+-----------------------------+-----------------------------+

+-----------------------------+-----------------------------+-----------------------------+
|4.        6+        5.       |1.        8+        3+       |2+        9+        7.       |
|3+        2+        1.       |7+        9+        6.       |8+        5+        4.       |
|9+        8.        7+       |2.        4+        5+       |6+        3+        1+       |
+-----------------------------+-----------------------------+-----------------------------+
|2+        1+        8+       |9+        7.        4+       |5.        6.        3+       |
|7.        3+        6+       |5+        2.        1+       |9+        4+        8.       |
|5+        9.        4.       |6+        3.        8+       |1+        7+        2+       |
+-----------------------------+-----------------------------+-----------------------------+
|1+        7+        9+       |4+        6+        2.       |3+        8.        5+       |
|6.        5+        3+       |8.        1+        7+       |4.        2+        9+       |
|8.        4+        2+       |3+        5+        9.       |7.        1+        6.       |
+-----------------------------+-----------------------------+-----------------------------+

....8..1538561..721..5...836.185.23..3...185685...614.9132457685247683917681..524
+-----------------------------+-----------------------------+-----------------------------+
|24        79        2679     |349       8.        2379     |69        1.        5.       |
|3.        8.        5.       |6.        1.        49       |49        7.        2.       |
|1.        479       2679     |5.        79        2479     |469       8.        3.       |
+-----------------------------+-----------------------------+-----------------------------+
|6.        479       1.       |8.        5.        47       |2.        3.        79       |
|24        3.        279      |49        279       1.       |8.        5.        6.       |
|8.        5.        279      |39        2379      6.       |1.        4.        79       |
+-----------------------------+-----------------------------+-----------------------------+
|9.        1.        3.       |2.        4.        5.       |7.        6.        8.       |
|5.        2.        4.       |7.        6.        8.       |3.        9.        1.       |
|7.        6.        8.       |1.        39        39       |5.        2.        4.       |
+-----------------------------+-----------------------------+-----------------------------+

+-----------------------------+-----------------------------+-----------------------------+
|4+        7+        2+       |9+        8.        3+       |6+        1.        5.       |
|3.        8.        5.       |6.        1.        4+       |9+        7.        2.       |
|1.        9+        6+       |5.        7+        2+       |4+        8.        3.       |
+-----------------------------+-----------------------------+-----------------------------+
|6.        4+        1.       |8.        5.        7+       |2.        3.        9+       |
|2+        3.        7+       |4+        9+        1.       |8.        5.        6.       |
|8.        5.        9+       |3+        2+        6.       |1.        4.        7+       |
+-----------------------------+-----------------------------+-----------------------------+
|9.        1.        3.       |2.        4.        5.       |7.        6.        8.       |
|5.        2.        4.       |7.        6.        8.       |3.        9.        1.       |
|7.        6.        8.       |1.        3+        9+       |5.        2.        4.       |
+-----------------------------+-----------------------------+-----------------------------+

4.51....7..1..6..4.8.2.........7.56.7...2...8.94.3.........2.8.6..8..4..8....97.6
+-----------------------------+-----------------------------+-----------------------------+
|[34m4[39m         [37m236[39m       [34m5[39m        |[34m1[39m         [37m89[39m        [37m38[39m       |[37m23689[39m     [37m239[39m       [34m7[39m        |
|[37m239[39m       [37m237[39m       [34m1[39m        |[37m3579[39m      [37m589[39m       [34m6[39m        |[37m2389[39m      [37m2359[39m      [34m4[39m        |
|[37m39[39m        [34m8[39m         [37m3679[39m     |[34m2[39m         [37m459[39m       [37m3457[39m     |[37m1369[39m      [37m1359[39m      [37m1359[39m     |
+-----------------------------+-----------------------------+-----------------------------+
|[37m123[39m       [37m123[39m       [37m238[39m      |[37m49[39m        [34m7[39m         [37m148[39m      |[34m5[39m         [34m6[39m         [37m1239[39m     |
|[34m7[39m         [37m1356[39m      [37m36[39m       |[37m4569[39m      [34m2[39m         [37m145[39m      |[37m139[39m       [37m1349[39m      [34m8[39m        |
|[37m125[39m       [34m9[39m         [34m4[39m        |[37m56[39m        [34m3[39m         [37m158[39m      |[37m12[39m        [37m127[39m       [37m12[39m       |
+-----------------------------+-----------------------------+-----------------------------+
|[37m1359[39m      [37m13457[39m     [37m379[39m      |[37m34567[39m     [37m1456[39m      [34m2[39m        |[37m139[39m       [34m8[39m         [37m1359[39m     |
|[34m6[39m         [37m12357[39m     [37m2379[39m     |[34m8[39m         [37m15[39m        [37m1357[39m     |[34m4[39m         [37m12359[39m     [37m12359[39m    |
|[34m8[39m         [37m12345[39m     [37m23[39m       |[37m345[39m       [37m145[39m       [34m9[39m        |[34m7[39m         [37m1235[39m      [34m6[39m        |
+-----------------------------+-----------------------------+-----------------------------+

Hidden single: r4c3=8, r5c8=4, r6c4=6, r6c6=8
Naked single : r1c6=3
Hidden single: r6c1=5, r6c8=7, r7c5=6

Naked pair: 1,2 in r6c79 => r4c9,r5c7<>1, r4c9<>2
+-----------------------------+-----------------------------+-----------------------------+
|[34m4[39m         [37m2[39m[37m6[39m        [34m5[39m        |[34m1[39m         [37m8[39m[37m9[39m        [36m3[39m        |[37m2[39m[37m6[39m[37m8[39m[37m9[39m      [37m2[39m[37m9[39m        [34m7[39m        |
|[37m2[39m[37m3[39m[37m9[39m       [37m2[39m[37m3[39m[37m7[39m       [34m1[39m        |[37m5[39m[37m7[39m[37m9[39m       [37m5[39m[37m8[39m[37m9[39m       [34m6[39m        |[37m2[39m[37m3[39m[37m8[39m[37m9[39m      [37m2[39m[37m3[39m[37m5[39m[37m9[39m      [34m4[39m        |
|[37m3[39m[37m9[39m        [34m8[39m         [37m3[39m[37m6[39m[37m7[39m[37m9[39m     |[34m2[39m         [37m4[39m[37m5[39m[37m9[39m       [37m4[39m[37m5[39m[37m7[39m      |[37m1[39m[37m3[39m[37m6[39m[37m9[39m      [37m1[39m[37m3[39m[37m5[39m[37m9[39m      [37m1[39m[37m3[39m[37m5[39m[37m9[39m     |
+-----------------------------+-----------------------------+-----------------------------+
|[37m1[39m[37m2[39m[37m3[39m       [37m1[39m[37m2[39m[37m3[39m       [36m8[39m        |[37m4[39m[37m9[39m        [34m7[39m         [37m1[39m[37m4[39m       |[34m5[39m         [34m6[39m         [31m1[39m[31m2[39m[37m3[39m[37m9[39m     |
|[34m7[39m         [37m1[39m[37m3[39m[37m6[39m       [37m3[39m[37m6[39m       |[37m5[39m[37m9[39m        [34m2[39m         [37m1[39m[37m5[39m       |[31m1[39m[37m3[39m[37m9[39m       [36m4[39m         [34m8[39m        |
|[36m5[39m         [34m9[39m         [34m4[39m        |[36m6[39m         [34m3[39m         [36m8[39m        |[32m1[39m[32m2[39m        [36m7[39m         [32m1[39m[32m2[39m       |
+-----------------------------+-----------------------------+-----------------------------+
|[37m1[39m[37m3[39m[37m9[39m       [37m1[39m[37m3[39m[37m4[39m[37m5[39m[37m7[39m     [37m3[39m[37m7[39m[37m9[39m      |[37m3[39m[37m4[39m[37m5[39m[37m7[39m      [36m6[39m         [34m2[39m        |[37m1[39m[37m3[39m[37m9[39m       [34m8[39m         [37m1[39m[37m3[39m[37m5[39m[37m9[39m     |
|[34m6[39m         [37m1[39m[37m2[39m[37m3[39m[37m5[39m[37m7[39m     [37m2[39m[37m3[39m[37m7[39m[37m9[39m     |[34m8[39m         [37m1[39m[37m5[39m        [37m1[39m[37m5[39m[37m7[39m      |[34m4[39m         [37m1[39m[37m2[39m[37m3[39m[37m5[39m[37m9[39m     [37m1[39m[37m2[39m[37m3[39m[37m5[39m[37m9[39m    |
|[34m8[39m         [37m1[39m[37m2[39m[37m3[39m[37m4[39m[37m5[39m     [37m2[39m[37m3[39m       |[37m3[39m[37m4[39m[37m5[39m       [37m1[39m[37m4[39m[37m5[39m       [34m9[39m        |[34m7[39m         [37m1[39m[37m2[39m[37m3[39m[37m5[39m      [34m6[39m        |
+-----------------------------+-----------------------------+-----------------------------+

Pointing: 1 in b5 => r8c6<>1
+-----------------------------+-----------------------------+-----------------------------+
|[34m4[39m         [37m2[39m[37m6[39m        [34m5[39m        |[34m1[39m         [37m8[39m[37m9[39m        [36m3[39m        |[37m2[39m[37m6[39m[37m8[39m[37m9[39m      [37m2[39m[37m9[39m        [34m7[39m        |
|[37m2[39m[37m3[39m[37m9[39m       [37m2[39m[37m3[39m[37m7[39m       [34m1[39m        |[37m5[39m[37m7[39m[37m9[39m       [37m5[39m[37m8[39m[37m9[39m       [34m6[39m        |[37m2[39m[37m3[39m[37m8[39m[37m9[39m      [37m2[39m[37m3[39m[37m5[39m[37m9[39m      [34m4[39m        |
|[37m3[39m[37m9[39m        [34m8[39m         [37m3[39m[37m6[39m[37m7[39m[37m9[39m     |[34m2[39m         [37m4[39m[37m5[39m[37m9[39m       [37m4[39m[37m5[39m[37m7[39m      |[37m1[39m[37m3[39m[37m6[39m[37m9[39m      [37m1[39m[37m3[39m[37m5[39m[37m9[39m      [37m1[39m[37m3[39m[37m5[39m[37m9[39m     |
+-----------------------------+-----------------------------+-----------------------------+
|[37m1[39m[37m2[39m[37m3[39m       [37m1[39m[37m2[39m[37m3[39m       [36m8[39m        |[37m4[39m[37m9[39m        [34m7[39m         [32m1[39m[37m4[39m       |[34m5[39m         [34m6[39m         [37m3[39m[37m9[39m       |
|[34m7[39m         [37m1[39m[37m3[39m[37m6[39m       [37m3[39m[37m6[39m       |[37m5[39m[37m9[39m        [34m2[39m         [32m1[39m[37m5[39m       |[37m3[39m[37m9[39m        [36m4[39m         [34m8[39m        |
|[36m5[39m         [34m9[39m         [34m4[39m        |[36m6[39m         [34m3[39m         [36m8[39m        |[37m1[39m[37m2[39m        [36m7[39m         [37m1[39m[37m2[39m       |
+-----------------------------+-----------------------------+-----------------------------+
|[37m1[39m[37m3[39m[37m9[39m       [37m1[39m[37m3[39m[37m4[39m[37m5[39m[37m7[39m     [37m3[39m[37m7[39m[37m9[39m      |[37m3[39m[37m4[39m[37m5[39m[37m7[39m      [36m6[39m         [34m2[39m        |[37m1[39m[37m3[39m[37m9[39m       [34m8[39m         [37m1[39m[37m3[39m[37m5[39m[37m9[39m     |
|[34m6[39m         [37m1[39m[37m2[39m[37m3[39m[37m5[39m[37m7[39m     [37m2[39m[37m3[39m[37m7[39m[37m9[39m     |[34m8[39m         [37m1[39m[37m5[39m        [31m1[39m[37m5[39m[37m7[39m      |[34m4[39m         [37m1[39m[37m2[39m[37m3[39m[37m5[39m[37m9[39m     [37m1[39m[37m2[39m[37m3[39m[37m5[39m[37m9[39m    |
|[34m8[39m         [37m1[39m[37m2[39m[37m3[39m[37m4[39m[37m5[39m     [37m2[39m[37m3[39m       |[37m3[39m[37m4[39m[37m5[39m       [37m1[39m[37m4[39m[37m5[39m       [34m9[39m        |[34m7[39m         [37m1[39m[37m2[39m[37m3[39m[37m5[39m      [34m6[39m        |
+-----------------------------+-----------------------------+-----------------------------+

Pointing: 9 in b5 => r2c4<>9
+-----------------------------+-----------------------------+-----------------------------+
|[34m4[39m         [37m2[39m[37m6[39m        [34m5[39m        |[34m1[39m         [37m8[39m[37m9[39m        [36m3[39m        |[37m2[39m[37m6[39m[37m8[39m[37m9[39m      [37m2[39m[37m9[39m        [34m7[39m        |
|[37m2[39m[37m3[39m[37m9[39m       [37m2[39m[37m3[39m[37m7[39m       [34m1[39m        |[37m5[39m[37m7[39m[31m9[39m       [37m5[39m[37m8[39m[37m9[39m       [34m6[39m        |[37m2[39m[37m3[39m[37m8[39m[37m9[39m      [37m2[39m[37m3[39m[37m5[39m[37m9[39m      [34m4[39m        |
|[37m3[39m[37m9[39m        [34m8[39m         [37m3[39m[37m6[39m[37m7[39m[37m9[39m     |[34m2[39m         [37m4[39m[37m5[39m[37m9[39m       [37m4[39m[37m5[39m[37m7[39m      |[37m1[39m[37m3[39m[37m6[39m[37m9[39m      [37m1[39m[37m3[39m[37m5[39m[37m9[39m      [37m1[39m[37m3[39m[37m5[39m[37m9[39m     |
+-----------------------------+-----------------------------+-----------------------------+
|[37m1[39m[37m2[39m[37m3[39m       [37m1[39m[37m2[39m[37m3[39m       [36m8[39m        |[37m4[39m[32m9[39m        [34m7[39m         [37m1[39m[37m4[39m       |[34m5[39m         [34m6[39m         [37m3[39m[37m9[39m       |
|[34m7[39m         [37m1[39m[37m3[39m[37m6[39m       [37m3[39m[37m6[39m       |[37m5[39m[32m9[39m        [34m2[39m         [37m1[39m[37m5[39m       |[37m3[39m[37m9[39m        [36m4[39m         [34m8[39m        |
|[36m5[39m         [34m9[39m         [34m4[39m        |[36m6[39m         [34m3[39m         [36m8[39m        |[37m1[39m[37m2[39m        [36m7[39m         [37m1[39m[37m2[39m       |
+-----------------------------+-----------------------------+-----------------------------+
|[37m1[39m[37m3[39m[37m9[39m       [37m1[39m[37m3[39m[37m4[39m[37m5[39m[37m7[39m     [37m3[39m[37m7[39m[37m9[39m      |[37m3[39m[37m4[39m[37m5[39m[37m7[39m      [36m6[39m         [34m2[39m        |[37m1[39m[37m3[39m[37m9[39m       [34m8[39m         [37m1[39m[37m3[39m[37m5[39m[37m9[39m     |
|[34m6[39m         [37m1[39m[37m2[39m[37m3[39m[37m5[39m[37m7[39m     [37m2[39m[37m3[39m[37m7[39m[37m9[39m     |[34m8[39m         [37m1[39m[37m5[39m        [37m5[39m[37m7[39m       |[34m4[39m         [37m1[39m[37m2[39m[37m3[39m[37m5[39m[37m9[39m     [37m1[39m[37m2[39m[37m3[39m[37m5[39m[37m9[39m    |
|[34m8[39m         [37m1[39m[37m2[39m[37m3[39m[37m4[39m[37m5[39m     [37m2[39m[37m3[39m       |[37m3[39m[37m4[39m[37m5[39m       [37m1[39m[37m4[39m[37m5[39m       [34m9[39m        |[34m7[39m         [37m1[39m[37m2[39m[37m3[39m[37m5[39m      [34m6[39m        |
+-----------------------------+-----------------------------+-----------------------------+

Claiming: 2 in c3 => r89c2<>2
+-----------------------------+-----------------------------+-----------------------------+
|[34m4[39m         [37m2[39m[37m6[39m        [34m5[39m        |[34m1[39m         [37m8[39m[37m9[39m        [36m3[39m        |[37m2[39m[37m6[39m[37m8[39m[37m9[39m      [37m2[39m[37m9[39m        [34m7[39m        |
|[37m2[39m[37m3[39m[37m9[39m       [37m2[39m[37m3[39m[37m7[39m       [34m1[39m        |[37m5[39m[37m7[39m        [37m5[39m[37m8[39m[37m9[39m       [34m6[39m        |[37m2[39m[37m3[39m[37m8[39m[37m9[39m      [37m2[39m[37m3[39m[37m5[39m[37m9[39m      [34m4[39m        |
|[37m3[39m[37m9[39m        [34m8[39m         [37m3[39m[37m6[39m[37m7[39m[37m9[39m     |[34m2[39m         [37m4[39m[37m5[39m[37m9[39m       [37m4[39m[37m5[39m[37m7[39m      |[37m1[39m[37m3[39m[37m6[39m[37m9[39m      [37m1[39m[37m3[39m[37m5[39m[37m9[39m      [37m1[39m[37m3[39m[37m5[39m[37m9[39m     |
+-----------------------------+-----------------------------+-----------------------------+
|[37m1[39m[37m2[39m[37m3[39m       [37m1[39m[37m2[39m[37m3[39m       [36m8[39m        |[37m4[39m[37m9[39m        [34m7[39m         [37m1[39m[37m4[39m       |[34m5[39m         [34m6[39m         [37m3[39m[37m9[39m       |
|[34m7[39m         [37m1[39m[37m3[39m[37m6[39m       [37m3[39m[37m6[39m       |[37m5[39m[37m9[39m        [34m2[39m         [37m1[39m[37m5[39m       |[37m3[39m[37m9[39m        [36m4[39m         [34m8[39m        |
|[36m5[39m         [34m9[39m         [34m4[39m        |[36m6[39m         [34m3[39m         [36m8[39m        |[37m1[39m[37m2[39m        [36m7[39m         [37m1[39m[37m2[39m       |
+-----------------------------+-----------------------------+-----------------------------+
|[37m1[39m[37m3[39m[37m9[39m       [37m1[39m[37m3[39m[37m4[39m[37m5[39m[37m7[39m     [37m3[39m[37m7[39m[37m9[39m      |[37m3[39m[37m4[39m[37m5[39m[37m7[39m      [36m6[39m         [34m2[39m        |[37m1[39m[37m3[39m[37m9[39m       [34m8[39m         [37m1[39m[37m3[39m[37m5[39m[37m9[39m     |
|[34m6[39m         [37m1[39m[31m2[39m[37m3[39m[37m5[39m[37m7[39m     [32m2[39m[37m3[39m[37m7[39m[37m9[39m     |[34m8[39m         [37m1[39m[37m5[39m        [37m5[39m[37m7[39m       |[34m4[39m         [37m1[39m[37m2[39m[37m3[39m[37m5[39m[37m9[39m     [37m1[39m[37m2[39m[37m3[39m[37m5[39m[37m9[39m    |
|[34m8[39m         [37m1[39m[31m2[39m[37m3[39m[37m4[39m[37m5[39m     [32m2[39m[37m3[39m       |[37m3[39m[37m4[39m[37m5[39m       [37m1[39m[37m4[39m[37m5[39m       [34m9[39m        |[34m7[39m         [37m1[39m[37m2[39m[37m3[39m[37m5[39m      [34m6[39m        |
+-----------------------------+-----------------------------+-----------------------------+

Simple color trap: 7 (r2c4,r3c3,r8c6) / (r2c2,r3c6,r7c4) => r7c3,r8c2<>7
+-----------------------------+-----------------------------+-----------------------------+
|[34m4[39m         [37m2[39m[37m6[39m        [34m5[39m        |[34m1[39m         [37m8[39m[37m9[39m        [36m3[39m        |[37m2[39m[37m6[39m[37m8[39m[37m9[39m      [37m2[39m[37m9[39m        [34m7[39m        |
|[37m2[39m[37m3[39m[37m9[39m       [37m2[39m[37m3[39m[36m7[39m       [34m1[39m        |[37m5[39m[32m7[39m        [37m5[39m[37m8[39m[37m9[39m       [34m6[39m        |[37m2[39m[37m3[39m[37m8[39m[37m9[39m      [37m2[39m[37m3[39m[37m5[39m[37m9[39m      [34m4[39m        |
|[37m3[39m[37m9[39m        [34m8[39m         [37m3[39m[37m6[39m[32m7[39m[37m9[39m     |[34m2[39m         [37m4[39m[37m5[39m[37m9[39m       [37m4[39m[37m5[39m[36m7[39m      |[37m1[39m[37m3[39m[37m6[39m[37m9[39m      [37m1[39m[37m3[39m[37m5[39m[37m9[39m      [37m1[39m[37m3[39m[37m5[39m[37m9[39m     |
+-----------------------------+-----------------------------+-----------------------------+
|[37m1[39m[37m2[39m[37m3[39m       [37m1[39m[37m2[39m[37m3[39m       [36m8[39m        |[37m4[39m[37m9[39m        [34m7[39m         [37m1[39m[37m4[39m       |[34m5[39m         [34m6[39m         [37m3[39m[37m9[39m       |
|[34m7[39m         [37m1[39m[37m3[39m[37m6[39m       [37m3[39m[37m6[39m       |[37m5[39m[37m9[39m        [34m2[39m         [37m1[39m[37m5[39m       |[37m3[39m[37m9[39m        [36m4[39m         [34m8[39m        |
|[36m5[39m         [34m9[39m         [34m4[39m        |[36m6[39m         [34m3[39m         [36m8[39m        |[37m1[39m[37m2[39m        [36m7[39m         [37m1[39m[37m2[39m       |
+-----------------------------+-----------------------------+-----------------------------+
|[37m1[39m[37m3[39m[37m9[39m       [37m1[39m[37m3[39m[37m4[39m[37m5[39m[37m7[39m     [37m3[39m[31m7[39m[37m9[39m      |[37m3[39m[37m4[39m[37m5[39m[36m7[39m      [36m6[39m         [34m2[39m        |[37m1[39m[37m3[39m[37m9[39m       [34m8[39m         [37m1[39m[37m3[39m[37m5[39m[37m9[39m     |
|[34m6[39m         [37m1[39m[37m3[39m[37m5[39m[31m7[39m      [37m2[39m[37m3[39m[37m7[39m[37m9[39m     |[34m8[39m         [37m1[39m[37m5[39m        [37m5[39m[32m7[39m       |[34m4[39m         [37m1[39m[37m2[39m[37m3[39m[37m5[39m[37m9[39m     [37m1[39m[37m2[39m[37m3[39m[37m5[39m[37m9[39m    |
|[34m8[39m         [37m1[39m[37m3[39m[37m4[39m[37m5[39m      [37m2[39m[37m3[39m       |[37m3[39m[37m4[39m[37m5[39m       [37m1[39m[37m4[39m[37m5[39m       [34m9[39m        |[34m7[39m         [37m1[39m[37m2[39m[37m3[39m[37m5[39m      [34m6[39m        |
+-----------------------------+-----------------------------+-----------------------------+

Naked triple: 1,3,9 in r7c137 => r7c29<>1, r7c249<>3, r7c9<>9
+-----------------------------+-----------------------------+-----------------------------+
|[34m4[39m         [37m2[39m[37m6[39m        [34m5[39m        |[34m1[39m         [37m8[39m[37m9[39m        [36m3[39m        |[37m2[39m[37m6[39m[37m8[39m[37m9[39m      [37m2[39m[37m9[39m        [34m7[39m        |
|[37m2[39m[37m3[39m[37m9[39m       [37m2[39m[37m3[39m[37m7[39m       [34m1[39m        |[37m5[39m[37m7[39m        [37m5[39m[37m8[39m[37m9[39m       [34m6[39m        |[37m2[39m[37m3[39m[37m8[39m[37m9[39m      [37m2[39m[37m3[39m[37m5[39m[37m9[39m      [34m4[39m        |
|[37m3[39m[37m9[39m        [34m8[39m         [37m3[39m[37m6[39m[37m7[39m[37m9[39m     |[34m2[39m         [37m4[39m[37m5[39m[37m9[39m       [37m4[39m[37m5[39m[37m7[39m      |[37m1[39m[37m3[39m[37m6[39m[37m9[39m      [37m1[39m[37m3[39m[37m5[39m[37m9[39m      [37m1[39m[37m3[39m[37m5[39m[37m9[39m     |
+-----------------------------+-----------------------------+-----------------------------+
|[37m1[39m[37m2[39m[37m3[39m       [37m1[39m[37m2[39m[37m3[39m       [36m8[39m        |[37m4[39m[37m9[39m        [34m7[39m         [37m1[39m[37m4[39m       |[34m5[39m         [34m6[39m         [37m3[39m[37m9[39m       |
|[34m7[39m         [37m1[39m[37m3[39m[37m6[39m       [37m3[39m[37m6[39m       |[37m5[39m[37m9[39m        [34m2[39m         [37m1[39m[37m5[39m       |[37m3[39m[37m9[39m        [36m4[39m         [34m8[39m        |
|[36m5[39m         [34m9[39m         [34m4[39m        |[36m6[39m         [34m3[39m         [36m8[39m        |[37m1[39m[37m2[39m        [36m7[39m         [37m1[39m[37m2[39m       |
+-----------------------------+-----------------------------+-----------------------------+
|[32m1[39m[32m3[39m[32m9[39m       [31m1[39m[31m3[39m[37m4[39m[37m5[39m[37m7[39m     [32m3[39m[32m9[39m       |[31m3[39m[37m4[39m[37m5[39m[37m7[39m      [36m6[39m         [34m2[39m        |[32m1[39m[32m3[39m[32m9[39m       [34m8[39m         [31m1[39m[31m3[39m[37m5[39m[31m9[39m     |
|[34m6[39m         [37m1[39m[37m3[39m[37m5[39m       [37m2[39m[37m3[39m[37m7[39m[37m9[39m     |[34m8[39m         [37m1[39m[37m5[39m        [37m5[39m[37m7[39m       |[34m4[39m         [37m1[39m[37m2[39m[37m3[39m[37m5[39m[37m9[39m     [37m1[39m[37m2[39m[37m3[39m[37m5[39m[37m9[39m    |
|[34m8[39m         [37m1[39m[37m3[39m[37m4[39m[37m5[39m      [37m2[39m[37m3[39m       |[37m3[39m[37m4[39m[37m5[39m       [37m1[39m[37m4[39m[37m5[39m       [34m9[39m        |[34m7[39m         [37m1[39m[37m2[39m[37m3[39m[37m5[39m      [34m6[39m        |
+-----------------------------+-----------------------------+-----------------------------+

Naked single : r7c9=5
Hidden single: r9c4=3
Naked single : r9c3=2, r9c8=1
Hidden single: r7c1=1, r8c5=1

Naked pair: 3,9 in r57c7 => r23c7<>3, r123c7<>9
+-----------------------------+-----------------------------+-----------------------------+
|[34m4[39m         [37m2[39m[37m6[39m        [34m5[39m        |[34m1[39m         [37m8[39m[37m9[39m        [36m3[39m        |[37m2[39m[37m6[39m[37m8[39m[31m9[39m      [37m2[39m[37m9[39m        [34m7[39m        |
|[37m2[39m[37m3[39m[37m9[39m       [37m2[39m[37m3[39m[37m7[39m       [34m1[39m        |[37m5[39m[37m7[39m        [37m5[39m[37m8[39m[37m9[39m       [34m6[39m        |[37m2[39m[31m3[39m[37m8[39m[31m9[39m      [37m2[39m[37m3[39m[37m5[39m[37m9[39m      [34m4[39m        |
|[37m3[39m[37m9[39m        [34m8[39m         [37m3[39m[37m6[39m[37m7[39m[37m9[39m     |[34m2[39m         [37m4[39m[37m5[39m[37m9[39m       [37m4[39m[37m5[39m[37m7[39m      |[37m1[39m[31m3[39m[37m6[39m[31m9[39m      [37m3[39m[37m5[39m[37m9[39m       [37m1[39m[37m3[39m[37m9[39m      |
+-----------------------------+-----------------------------+-----------------------------+
|[37m2[39m[37m3[39m        [37m1[39m[37m2[39m[37m3[39m       [36m8[39m        |[37m4[39m[37m9[39m        [34m7[39m         [37m1[39m[37m4[39m       |[34m5[39m         [34m6[39m         [37m3[39m[37m9[39m       |
|[34m7[39m         [37m1[39m[37m3[39m[37m6[39m       [37m3[39m[37m6[39m       |[37m5[39m[37m9[39m        [34m2[39m         [37m1[39m[37m5[39m       |[32m3[39m[32m9[39m        [36m4[39m         [34m8[39m        |
|[36m5[39m         [34m9[39m         [34m4[39m        |[36m6[39m         [34m3[39m         [36m8[39m        |[37m1[39m[37m2[39m        [36m7[39m         [37m1[39m[37m2[39m       |
+-----------------------------+-----------------------------+-----------------------------+
|[36m1[39m         [37m4[39m[37m7[39m        [37m3[39m[37m9[39m       |[37m4[39m[37m7[39m        [36m6[39m         [34m2[39m        |[32m3[39m[32m9[39m        [34m8[39m         [36m5[39m        |
|[34m6[39m         [37m3[39m[37m5[39m        [37m3[39m[37m7[39m[37m9[39m      |[34m8[39m         [36m1[39m         [37m5[39m[37m7[39m       |[34m4[39m         [37m2[39m[37m3[39m[37m9[39m       [37m2[39m[37m3[39m[37m9[39m      |
|[34m8[39m         [37m4[39m[37m5[39m        [36m2[39m        |[36m3[39m         [37m4[39m[37m5[39m        [34m9[39m        |[34m7[39m         [36m1[39m         [34m6[39m        |
+-----------------------------+-----------------------------+-----------------------------+

Pointing: 9 in b7 => r3c3<>9
+-----------------------------+-----------------------------+-----------------------------+
|[34m4[39m         [37m2[39m[37m6[39m        [34m5[39m        |[34m1[39m         [37m8[39m[37m9[39m        [36m3[39m        |[37m2[39m[37m6[39m[37m8[39m       [37m2[39m[37m9[39m        [34m7[39m        |
|[37m2[39m[37m3[39m[37m9[39m       [37m2[39m[37m3[39m[37m7[39m       [34m1[39m        |[37m5[39m[37m7[39m        [37m5[39m[37m8[39m[37m9[39m       [34m6[39m        |[37m2[39m[37m8[39m        [37m2[39m[37m3[39m[37m5[39m[37m9[39m      [34m4[39m        |
|[37m3[39m[37m9[39m        [34m8[39m         [37m3[39m[37m6[39m[37m7[39m[31m9[39m     |[34m2[39m         [37m4[39m[37m5[39m[37m9[39m       [37m4[39m[37m5[39m[37m7[39m      |[37m1[39m[37m6[39m        [37m3[39m[37m5[39m[37m9[39m       [37m1[39m[37m3[39m[37m9[39m      |
+-----------------------------+-----------------------------+-----------------------------+
|[37m2[39m[37m3[39m        [37m1[39m[37m2[39m[37m3[39m       [36m8[39m        |[37m4[39m[37m9[39m        [34m7[39m         [37m1[39m[37m4[39m       |[34m5[39m         [34m6[39m         [37m3[39m[37m9[39m       |
|[34m7[39m         [37m1[39m[37m3[39m[37m6[39m       [37m3[39m[37m6[39m       |[37m5[39m[37m9[39m        [34m2[39m         [37m1[39m[37m5[39m       |[37m3[39m[37m9[39m        [36m4[39m         [34m8[39m        |
|[36m5[39m         [34m9[39m         [34m4[39m        |[36m6[39m         [34m3[39m         [36m8[39m        |[37m1[39m[37m2[39m        [36m7[39m         [37m1[39m[37m2[39m       |
+-----------------------------+-----------------------------+-----------------------------+
|[36m1[39m         [37m4[39m[37m7[39m        [37m3[39m[32m9[39m       |[37m4[39m[37m7[39m        [36m6[39m         [34m2[39m        |[37m3[39m[37m9[39m        [34m8[39m         [36m5[39m        |
|[34m6[39m         [37m3[39m[37m5[39m        [37m3[39m[37m7[39m[32m9[39m      |[34m8[39m         [36m1[39m         [37m5[39m[37m7[39m       |[34m4[39m         [37m2[39m[37m3[39m[37m9[39m       [37m2[39m[37m3[39m[37m9[39m      |
|[34m8[39m         [37m4[39m[37m5[39m        [36m2[39m        |[36m3[39m         [37m4[39m[37m5[39m        [34m9[39m        |[34m7[39m         [36m1[39m         [34m6[39m        |
+-----------------------------+-----------------------------+-----------------------------+

XY-wing: 2/9/8 in r1c58,r2c7 => r1c7,r2c5<>8
+-----------------------------+-----------------------------+-----------------------------+
|[34m4[39m         [37m2[39m[37m6[39m        [34m5[39m        |[34m1[39m         [36m8[39m[32m9[39m        [36m3[39m        |[37m2[39m[37m6[39m[31m8[39m       [32m2[39m[32m9[39m        [34m7[39m        |
|[37m2[39m[37m3[39m[37m9[39m       [37m2[39m[37m3[39m[37m7[39m       [34m1[39m        |[37m5[39m[37m7[39m        [37m5[39m[31m8[39m[37m9[39m       [34m6[39m        |[32m2[39m[36m8[39m        [37m2[39m[37m3[39m[37m5[39m[37m9[39m      [34m4[39m        |
|[37m3[39m[37m9[39m        [34m8[39m         [37m3[39m[37m6[39m[37m7[39m      |[34m2[39m         [37m4[39m[37m5[39m[37m9[39m       [37m4[39m[37m5[39m[37m7[39m      |[37m1[39m[37m6[39m        [37m3[39m[37m5[39m[37m9[39m       [37m1[39m[37m3[39m[37m9[39m      |
+-----------------------------+-----------------------------+-----------------------------+
|[37m2[39m[37m3[39m        [37m1[39m[37m2[39m[37m3[39m       [36m8[39m        |[37m4[39m[37m9[39m        [34m7[39m         [37m1[39m[37m4[39m       |[34m5[39m         [34m6[39m         [37m3[39m[37m9[39m       |
|[34m7[39m         [37m1[39m[37m3[39m[37m6[39m       [37m3[39m[37m6[39m       |[37m5[39m[37m9[39m        [34m2[39m         [37m1[39m[37m5[39m       |[37m3[39m[37m9[39m        [36m4[39m         [34m8[39m        |
|[36m5[39m         [34m9[39m         [34m4[39m        |[36m6[39m         [34m3[39m         [36m8[39m        |[37m1[39m[37m2[39m        [36m7[39m         [37m1[39m[37m2[39m       |
+-----------------------------+-----------------------------+-----------------------------+
|[36m1[39m         [37m4[39m[37m7[39m        [37m3[39m[37m9[39m       |[37m4[39m[37m7[39m        [36m6[39m         [34m2[39m        |[37m3[39m[37m9[39m        [34m8[39m         [36m5[39m        |
|[34m6[39m         [37m3[39m[37m5[39m        [37m3[39m[37m7[39m[37m9[39m      |[34m8[39m         [36m1[39m         [37m5[39m[37m7[39m       |[34m4[39m         [37m2[39m[37m3[39m[37m9[39m       [37m2[39m[37m3[39m[37m9[39m      |
|[34m8[39m         [37m4[39m[37m5[39m        [36m2[39m        |[36m3[39m         [37m4[39m[37m5[39m        [34m9[39m        |[34m7[39m         [36m1[39m         [34m6[39m        |
+-----------------------------+-----------------------------+-----------------------------+

Hidden single: r1c5=8, r1c8=9, r2c7=8

XY-wing: 4/7/5 in r27c4,r9c5 => r23c5<>5
+-----------------------------+-----------------------------+-----------------------------+
|[34m4[39m         [37m2[39m[37m6[39m        [34m5[39m        |[34m1[39m         [36m8[39m         [36m3[39m        |[37m2[39m[37m6[39m        [36m9[39m         [34m7[39m        |
|[37m2[39m[37m3[39m[37m9[39m       [37m2[39m[37m3[39m[37m7[39m       [34m1[39m        |[36m5[39m[32m7[39m        [31m5[39m[37m9[39m        [34m6[39m        |[36m8[39m         [37m2[39m[37m3[39m[37m5[39m       [34m4[39m        |
|[37m3[39m[37m9[39m        [34m8[39m         [37m3[39m[37m6[39m[37m7[39m      |[34m2[39m         [37m4[39m[31m5[39m[37m9[39m       [37m4[39m[37m5[39m[37m7[39m      |[37m1[39m[37m6[39m        [37m3[39m[37m5[39m        [37m1[39m[37m3[39m       |
+-----------------------------+-----------------------------+-----------------------------+
|[37m2[39m[37m3[39m        [37m1[39m[37m2[39m[37m3[39m       [36m8[39m        |[37m4[39m[37m9[39m        [34m7[39m         [37m1[39m[37m4[39m       |[34m5[39m         [34m6[39m         [37m3[39m[37m9[39m       |
|[34m7[39m         [37m1[39m[37m3[39m[37m6[39m       [37m3[39m[37m6[39m       |[37m5[39m[37m9[39m        [34m2[39m         [37m1[39m[37m5[39m       |[37m3[39m[37m9[39m        [36m4[39m         [34m8[39m        |
|[36m5[39m         [34m9[39m         [34m4[39m        |[36m6[39m         [34m3[39m         [36m8[39m        |[37m1[39m[37m2[39m        [36m7[39m         [37m1[39m[37m2[39m       |
+-----------------------------+-----------------------------+-----------------------------+
|[36m1[39m         [37m4[39m[37m7[39m        [37m3[39m[37m9[39m       |[32m4[39m[32m7[39m        [36m6[39m         [34m2[39m        |[37m3[39m[37m9[39m        [34m8[39m         [36m5[39m        |
|[34m6[39m         [37m3[39m[37m5[39m        [37m3[39m[37m7[39m[37m9[39m      |[34m8[39m         [36m1[39m         [37m5[39m[37m7[39m       |[34m4[39m         [37m2[39m[37m3[39m        [37m2[39m[37m3[39m[37m9[39m      |
|[34m8[39m         [37m4[39m[37m5[39m        [36m2[39m        |[36m3[39m         [32m4[39m[36m5[39m        [34m9[39m        |[34m7[39m         [36m1[39m         [34m6[39m        |
+-----------------------------+-----------------------------+-----------------------------+

Naked single : r2c5=9, r3c5=4, r9c5=5, r8c6=7, r3c6=5, r2c4=7, r3c8=3, r3c1=9, r3c9=1, r3c7=6
Naked single : r1c7=2, r1c2=6, r2c8=5, r3c3=7, r5c6=1, r4c6=4, r4c4=9, r4c9=3, r4c1=2, r2c1=3
Naked single : r2c2=2, r4c2=1, r5c2=3, r5c3=6, r5c4=5, r5c7=9, r6c7=1, r6c9=2, r7c4=4, r7c2=7
Naked single : r7c7=3, r7c3=9, r8c2=5, r8c3=3, r8c8=2, r8c9=9, r9c2=4

+-----------------------------+-----------------------------+-----------------------------+
|[34m4[39m         [36m6[39m         [34m5[39m        |[34m1[39m         [36m8[39m         [36m3[39m        |[36m2[39m         [36m9[39m         [34m7[39m        |
|[36m3[39m         [36m2[39m         [34m1[39m        |[36m7[39m         [36m9[39m         [34m6[39m        |[36m8[39m         [36m5[39m         [34m4[39m        |
|[36m9[39m         [34m8[39m         [36m7[39m        |[34m2[39m         [36m4[39m         [36m5[39m        |[36m6[39m         [36m3[39m         [36m1[39m        |
+-----------------------------+-----------------------------+-----------------------------+
|[36m2[39m         [36m1[39m         [36m8[39m        |[36m9[39m         [34m7[39m         [36m4[39m        |[34m5[39m         [34m6[39m         [36m3[39m        |
|[34m7[39m         [36m3[39m         [36m6[39m        |[36m5[39m         [34m2[39m         [36m1[39m        |[36m9[39m         [36m4[39m         [34m8[39m        |
|[36m5[39m         [34m9[39m         [34m4[39m        |[36m6[39m         [34m3[39m         [36m8[39m        |[36m1[39m         [36m7[39m         [36m2[39m        |
+-----------------------------+-----------------------------+-----------------------------+
|[36m1[39m         [36m7[39m         [36m9[39m        |[36m4[39m         [36m6[39m         [34m2[39m        |[36m3[39m         [34m8[39m         [36m5[39m        |
|[34m6[39m         [36m5[39m         [36m3[39m        |[34m8[39m         [36m1[39m         [36m7[39m        |[34m4[39m         [36m2[39m         [36m9[39m        |
|[34m8[39m         [36m4[39m         [36m2[39m        |[36m3[39m         [36m5[39m         [34m9[39m        |[34m7[39m         [36m1[39m         [34m6[39m        |
+-----------------------------+-----------------------------+-----------------------------+

4.51.3..7..1..6..4.8.2.......8.7.56.7...2..48594638.7.1...62.856..81.4..8.23.9716
+-----------------------------+-----------------------------+-----------------------------+
|[37m4.[39m         [37m26[39m        [37m5.[39m        |[37m1.[39m         [37m89[39m        [37m3.[39m        |[37m268[39m       [37m29[39m        [37m7.[39m        |
|[37m239[39m       [37m237[39m       [37m1.[39m        |[37m57[39m        [37m589[39m       [37m6.[39m        |[37m28[39m        [37m2359[39m      [37m4.[39m        |
|[37m39[39m        [37m8.[39m         [37m3679[39m     |[37m2.[39m         [37m459[39m       [37m457[39m      |[37m16[39m        [37m359[39m       [37m139[39m      |
+-----------------------------+-----------------------------+-----------------------------+
|[37m23[39m        [37m123[39m       [37m8.[39m        |[37m49[39m        [37m7.[39m         [37m14[39m       |[37m5.[39m         [37m6.[39m         [37m39[39m       |
|[37m7.[39m         [37m136[39m       [37m36[39m       |[37m59[39m        [37m2.[39m         [37m15[39m       |[37m39[39m        [37m4.[39m         [37m8.[39m        |
|[37m5.[39m         [37m9.[39m         [37m4.[39m        |[37m6.[39m         [37m3.[39m         [37m8.[39m        |[37m12[39m        [37m7.[39m         [37m12[39m       |
+-----------------------------+-----------------------------+-----------------------------+
|[37m1.[39m         [37m47[39m        [37m39[39m       |[37m47[39m        [37m6.[39m         [37m2.[39m        |[37m39[39m        [37m8.[39m         [37m5.[39m        |
|[37m6.[39m         [37m357[39m       [37m379[39m      |[37m8.[39m         [37m1.[39m         [37m57[39m       |[37m4.[39m         [37m239[39m       [37m239[39m      |
|[37m8.[39m         [37m45[39m        [37m2.[39m        |[37m3.[39m         [37m45[39m        [37m9.[39m        |[37m7.[39m         [37m1.[39m         [37m6.[39m        |
+-----------------------------+-----------------------------+-----------------------------+

Naked single : r1c1=4, r1c3=5, r1c4=1, r1c6=3, r1c9=7, r2c3=1, r2c6=6, r2c9=4, r3c2=8, r3c4=2
Naked single : r4c3=8, r4c5=7, r4c7=5, r4c8=6, r5c1=7, r5c5=2, r5c8=4, r5c9=8, r6c1=5, r6c2=9
Naked single : r6c3=4, r6c4=6, r6c5=3, r6c6=8, r6c8=7, r7c1=1, r7c5=6, r7c6=2, r7c8=8, r7c9=5
Naked single : r8c1=6, r8c4=8, r8c5=1, r8c7=4, r9c1=8, r9c3=2, r9c4=3, r9c6=9, r9c7=7, r9c8=1
Naked single : r9c9=6

Pointing: 9 in b7 => r3c3<>9
+-----------------------------+-----------------------------+-----------------------------+
|[36m4[39m         [37m2[39m[37m6[39m        [36m5[39m        |[36m1[39m         [37m8[39m[37m9[39m        [36m3[39m        |[37m2[39m[37m6[39m[37m8[39m       [37m2[39m[37m9[39m        [36m7[39m        |
|[37m2[39m[37m3[39m[37m9[39m       [37m2[39m[37m3[39m[37m7[39m       [36m1[39m        |[37m5[39m[37m7[39m        [37m5[39m[37m8[39m[37m9[39m       [36m6[39m        |[37m2[39m[37m8[39m        [37m2[39m[37m3[39m[37m5[39m[37m9[39m      [36m4[39m        |
|[37m3[39m[37m9[39m        [36m8[39m         [37m3[39m[37m6[39m[37m7[39m[31m9[39m     |[36m2[39m         [37m4[39m[37m5[39m[37m9[39m       [37m4[39m[37m5[39m[37m7[39m      |[37m1[39m[37m6[39m        [37m3[39m[37m5[39m[37m9[39m       [37m1[39m[37m3[39m[37m9[39m      |
+-----------------------------+-----------------------------+-----------------------------+
|[37m2[39m[37m3[39m        [37m1[39m[37m2[39m[37m3[39m       [36m8[39m        |[37m4[39m[37m9[39m        [36m7[39m         [37m1[39m[37m4[39m       |[36m5[39m         [36m6[39m         [37m3[39m[37m9[39m       |
|[36m7[39m         [37m1[39m[37m3[39m[37m6[39m       [37m3[39m[37m6[39m       |[37m5[39m[37m9[39m        [36m2[39m         [37m1[39m[37m5[39m       |[37m3[39m[37m9[39m        [36m4[39m         [36m8[39m        |
|[36m5[39m         [36m9[39m         [36m4[39m        |[36m6[39m         [36m3[39m         [36m8[39m        |[37m1[39m[37m2[39m        [36m7[39m         [37m1[39m[37m2[39m       |
+-----------------------------+-----------------------------+-----------------------------+
|[36m1[39m         [37m4[39m[37m7[39m        [37m3[39m[32m9[39m       |[37m4[39m[37m7[39m        [36m6[39m         [36m2[39m        |[37m3[39m[37m9[39m        [36m8[39m         [36m5[39m        |
|[36m6[39m         [37m3[39m[37m5[39m[37m7[39m       [37m3[39m[37m7[39m[32m9[39m      |[36m8[39m         [36m1[39m         [37m5[39m[37m7[39m       |[36m4[39m         [37m2[39m[37m3[39m[37m9[39m       [37m2[39m[37m3[39m[37m9[39m      |
|[36m8[39m         [37m4[39m[37m5[39m        [36m2[39m        |[36m3[39m         [37m4[39m[37m5[39m        [36m9[39m        |[36m7[39m         [36m1[39m         [36m6[39m        |
+-----------------------------+-----------------------------+-----------------------------+

X-wing: 7 r27 c24 => r8c2<>7
+-----------------------------+-----------------------------+-----------------------------+
|[36m4[39m         [37m2[39m[37m6[39m        [36m5[39m        |[36m1[39m         [37m8[39m[37m9[39m        [36m3[39m        |[37m2[39m[37m6[39m[37m8[39m       [37m2[39m[37m9[39m        [36m7[39m        |
|[37m2[39m[37m3[39m[37m9[39m       [37m2[39m[37m3[39m[32m7[39m       [36m1[39m        |[37m5[39m[32m7[39m        [37m5[39m[37m8[39m[37m9[39m       [36m6[39m        |[37m2[39m[37m8[39m        [37m2[39m[37m3[39m[37m5[39m[37m9[39m      [36m4[39m        |
|[37m3[39m[37m9[39m        [36m8[39m         [37m3[39m[37m6[39m[37m7[39m      |[36m2[39m         [37m4[39m[37m5[39m[37m9[39m       [37m4[39m[37m5[39m[37m7[39m      |[37m1[39m[37m6[39m        [37m3[39m[37m5[39m[37m9[39m       [37m1[39m[37m3[39m[37m9[39m      |
+-----------------------------+-----------------------------+-----------------------------+
|[37m2[39m[37m3[39m        [37m1[39m[37m2[39m[37m3[39m       [36m8[39m        |[37m4[39m[37m9[39m        [36m7[39m         [37m1[39m[37m4[39m       |[36m5[39m         [36m6[39m         [37m3[39m[37m9[39m       |
|[36m7[39m         [37m1[39m[37m3[39m[37m6[39m       [37m3[39m[37m6[39m       |[37m5[39m[37m9[39m        [36m2[39m         [37m1[39m[37m5[39m       |[37m3[39m[37m9[39m        [36m4[39m         [36m8[39m        |
|[36m5[39m         [36m9[39m         [36m4[39m        |[36m6[39m         [36m3[39m         [36m8[39m        |[37m1[39m[37m2[39m        [36m7[39m         [37m1[39m[37m2[39m       |
+-----------------------------+-----------------------------+-----------------------------+
|[36m1[39m         [37m4[39m[32m7[39m        [37m3[39m[37m9[39m       |[37m4[39m[32m7[39m        [36m6[39m         [36m2[39m        |[37m3[39m[37m9[39m        [36m8[39m         [36m5[39m        |
|[36m6[39m         [37m3[39m[37m5[39m[31m7[39m       [37m3[39m[37m7[39m[37m9[39m      |[36m8[39m         [36m1[39m         [37m5[39m[37m7[39m       |[36m4[39m         [37m2[39m[37m3[39m[37m9[39m       [37m2[39m[37m3[39m[37m9[39m      |
|[36m8[39m         [37m4[39m[37m5[39m        [36m2[39m        |[36m3[39m         [37m4[39m[37m5[39m        [36m9[39m        |[36m7[39m         [36m1[39m         [36m6[39m        |
+-----------------------------+-----------------------------+-----------------------------+

XY-wing: 2/9/8 in r1c58,r2c7 => r1c7,r2c5<>8
+-----------------------------+-----------------------------+-----------------------------+
|[36m4[39m         [37m2[39m[37m6[39m        [36m5[39m        |[36m1[39m         [36m8[39m[32m9[39m        [36m3[39m        |[37m2[39m[37m6[39m[31m8[39m       [32m2[39m[32m9[39m        [36m7[39m        |
|[37m2[39m[37m3[39m[37m9[39m       [37m2[39m[37m3[39m[37m7[39m       [36m1[39m        |[37m5[39m[37m7[39m        [37m5[39m[31m8[39m[37m9[39m       [36m6[39m        |[32m2[39m[36m8[39m        [37m2[39m[37m3[39m[37m5[39m[37m9[39m      [36m4[39m        |
|[37m3[39m[37m9[39m        [36m8[39m         [37m3[39m[37m6[39m[37m7[39m      |[36m2[39m         [37m4[39m[37m5[39m[37m9[39m       [37m4[39m[37m5[39m[37m7[39m      |[37m1[39m[37m6[39m        [37m3[39m[37m5[39m[37m9[39m       [37m1[39m[37m3[39m[37m9[39m      |
+-----------------------------+-----------------------------+-----------------------------+
|[37m2[39m[37m3[39m        [37m1[39m[37m2[39m[37m3[39m       [36m8[39m        |[37m4[39m[37m9[39m        [36m7[39m         [37m1[39m[37m4[39m       |[36m5[39m         [36m6[39m         [37m3[39m[37m9[39m       |
|[36m7[39m         [37m1[39m[37m3[39m[37m6[39m       [37m3[39m[37m6[39m       |[37m5[39m[37m9[39m        [36m2[39m         [37m1[39m[37m5[39m       |[37m3[39m[37m9[39m        [36m4[39m         [36m8[39m        |
|[36m5[39m         [36m9[39m         [36m4[39m        |[36m6[39m         [36m3[39m         [36m8[39m        |[37m1[39m[37m2[39m        [36m7[39m         [37m1[39m[37m2[39m       |
+-----------------------------+-----------------------------+-----------------------------+
|[36m1[39m         [37m4[39m[37m7[39m        [37m3[39m[37m9[39m       |[37m4[39m[37m7[39m        [36m6[39m         [36m2[39m        |[37m3[39m[37m9[39m        [36m8[39m         [36m5[39m        |
|[36m6[39m         [37m3[39m[37m5[39m        [37m3[39m[37m7[39m[37m9[39m      |[36m8[39m         [36m1[39m         [37m5[39m[37m7[39m       |[36m4[39m         [37m2[39m[37m3[39m[37m9[39m       [37m2[39m[37m3[39m[37m9[39m      |
|[36m8[39m         [37m4[39m[37m5[39m        [36m2[39m        |[36m3[39m         [37m4[39m[37m5[39m        [36m9[39m        |[36m7[39m         [36m1[39m         [36m6[39m        |
+-----------------------------+-----------------------------+-----------------------------+

Hidden single: r1c5=8, r1c8=9, r2c7=8

XY-wing: 4/7/5 in r27c4,r9c5 => r23c5<>5
+-----------------------------+-----------------------------+-----------------------------+
|[36m4[39m         [37m2[39m[37m6[39m        [36m5[39m        |[36m1[39m         [36m8[39m         [36m3[39m        |[37m2[39m[37m6[39m        [36m9[39m         [36m7[39m        |
|[37m2[39m[37m3[39m[37m9[39m       [37m2[39m[37m3[39m[37m7[39m       [36m1[39m        |[36m5[39m[32m7[39m        [31m5[39m[37m9[39m        [36m6[39m        |[36m8[39m         [37m2[39m[37m3[39m[37m5[39m       [36m4[39m        |
|[37m3[39m[37m9[39m        [36m8[39m         [37m3[39m[37m6[39m[37m7[39m      |[36m2[39m         [37m4[39m[31m5[39m[37m9[39m       [37m4[39m[37m5[39m[37m7[39m      |[37m1[39m[37m6[39m        [37m3[39m[37m5[39m        [37m1[39m[37m3[39m       |
+-----------------------------+-----------------------------+-----------------------------+
|[37m2[39m[37m3[39m        [37m1[39m[37m2[39m[37m3[39m       [36m8[39m        |[37m4[39m[37m9[39m        [36m7[39m         [37m1[39m[37m4[39m       |[36m5[39m         [36m6[39m         [37m3[39m[37m9[39m       |
|[36m7[39m         [37m1[39m[37m3[39m[37m6[39m       [37m3[39m[37m6[39m       |[37m5[39m[37m9[39m        [36m2[39m         [37m1[39m[37m5[39m       |[37m3[39m[37m9[39m        [36m4[39m         [36m8[39m        |
|[36m5[39m         [36m9[39m         [36m4[39m        |[36m6[39m         [36m3[39m         [36m8[39m        |[37m1[39m[37m2[39m        [36m7[39m         [37m1[39m[37m2[39m       |
+-----------------------------+-----------------------------+-----------------------------+
|[36m1[39m         [37m4[39m[37m7[39m        [37m3[39m[37m9[39m       |[32m4[39m[32m7[39m        [36m6[39m         [36m2[39m        |[37m3[39m[37m9[39m        [36m8[39m         [36m5[39m        |
|[36m6[39m         [37m3[39m[37m5[39m        [37m3[39m[37m7[39m[37m9[39m      |[36m8[39m         [36m1[39m         [37m5[39m[37m7[39m       |[36m4[39m         [37m2[39m[37m3[39m        [37m2[39m[37m3[39m[37m9[39m      |
|[36m8[39m         [37m4[39m[37m5[39m        [36m2[39m        |[36m3[39m         [32m4[39m[36m5[39m        [36m9[39m        |[36m7[39m         [36m1[39m         [36m6[39m        |
+-----------------------------+-----------------------------+-----------------------------+

Naked single : r2c5=9, r3c5=4, r9c5=5, r8c6=7, r3c6=5, r2c4=7, r3c8=3, r3c1=9, r3c9=1, r3c7=6
Naked single : r1c7=2, r1c2=6, r2c8=5, r3c3=7, r5c6=1, r4c6=4, r4c4=9, r4c9=3, r4c1=2, r2c1=3
Naked single : r2c2=2, r4c2=1, r5c2=3, r5c3=6, r5c4=5, r5c7=9, r6c7=1, r6c9=2, r7c4=4, r7c2=7
Naked single : r7c7=3, r7c3=9, r8c2=5, r8c3=3, r8c8=2, r8c9=9, r9c2=4

+-----------------------------+-----------------------------+-----------------------------+
|[36m4[39m         [36m6[39m         [36m5[39m        |[36m1[39m         [36m8[39m         [36m3[39m        |[36m2[39m         [36m9[39m         [36m7[39m        |
|[36m3[39m         [36m2[39m         [36m1[39m        |[36m7[39m         [36m9[39m         [36m6[39m        |[36m8[39m         [36m5[39m         [36m4[39m        |
|[36m9[39m         [36m8[39m         [36m7[39m        |[36m2[39m         [36m4[39m         [36m5[39m        |[36m6[39m         [36m3[39m         [36m1[39m        |
+-----------------------------+-----------------------------+-----------------------------+
|[36m2[39m         [36m1[39m         [36m8[39m        |[36m9[39m         [36m7[39m         [36m4[39m        |[36m5[39m         [36m6[39m         [36m3[39m        |
|[36m7[39m         [36m3[39m         [36m6[39m        |[36m5[39m         [36m2[39m         [36m1[39m        |[36m9[39m         [36m4[39m         [36m8[39m        |
|[36m5[39m         [36m9[39m         [36m4[39m        |[36m6[39m         [36m3[39m         [36m8[39m        |[36m1[39m         [36m7[39m         [36m2[39m        |
+-----------------------------+-----------------------------+-----------------------------+
|[36m1[39m         [36m7[39m         [36m9[39m        |[36m4[39m         [36m6[39m         [36m2[39m        |[36m3[39m         [36m8[39m         [36m5[39m        |
|[36m6[39m         [36m5[39m         [36m3[39m        |[36m8[39m         [36m1[39m         [36m7[39m        |[36m4[39m         [36m2[39m         [36m9[39m        |
|[36m8[39m         [36m4[39m         [36m2[39m        |[36m3[39m         [36m5[39m         [36m9[39m        |[36m7[39m         [36m1[39m         [36m6[39m        |
+-----------------------------+-----------------------------+-----------------------------+

4.51....7..1..6..4.8.2.........7.56.7...2...8.94.3.........2.8.6..8..4..8....97.6
+-----------------------------+-----------------------------+-----------------------------+
|4.        236       5.       |1.        89        38       |23689     239       7.       |
|239       237       1.       |3579      589       6.       |2389      2359      4.       |
|39        8.        3679     |2.        459       3457     |1369      1359      1359     |
+-----------------------------+-----------------------------+-----------------------------+
|123       123       238      |49        7.        148      |5.        6.        1239     |
|7.        1356      36       |4569      2.        145      |139       1349      8.       |
|125       9.        4.       |56        3.        158      |12        127       12       |
+-----------------------------+-----------------------------+-----------------------------+
|1359      13457     379      |34567     1456      2.       |139       8.        1359     |
|6.        12357     2379     |8.        15        1357     |4.        12359     12359    |
|8.        12345     23       |345       145       9.       |7.        1235      6.       |
+-----------------------------+-----------------------------+-----------------------------+

+-----------------------------+-----------------------------+-----------------------------+
|4.        6+        5.       |1.        8+        3+       |2+        9+        7.       |
|3+        2+        1.       |7+        9+        6.       |8+        5+        4.       |
|9+        8.        7+       |2.        4+        5+       |6+        3+        1+       |
+-----------------------------+-----------------------------+-----------------------------+
|2+        1+        8+       |9+        7.        4+       |5.        6.        3+       |
|7.        3+        6+       |5+        2.        1+       |9+        4+        8.       |
|5+        9.        4.       |6+        3.        8+       |1+        7+        2+       |
+-----------------------------+-----------------------------+-----------------------------+
|1+        7+        9+       |4+        6+        2.       |3+        8.        5+       |
|6.        5+        3+       |8.        1+        7+       |4.        2+        9+       |
|8.        4+        2+       |3+        5+        9.       |7.        1+        6.       |
+-----------------------------+-----------------------------+-----------------------------+

4.51.3..7..1..6..4.8.2.......8.7.56.7...2..48594638.7.1...62.856..81.4..8.23.9716
+-----------------------------+-----------------------------+-----------------------------+
|4.        26        5.       |1.        89        3.       |268       29        7.       |
|239       237       1.       |57        589       6.       |28        2359      4.       |
|39        8.        3679     |2.        459       457      |16        359       139      |
+-----------------------------+-----------------------------+-----------------------------+
|23        123       8.       |49        7.        14       |5.        6.        39       |
|7.        136       36       |59        2.        15       |39        4.        8.       |
|5.        9.        4.       |6.        3.        8.       |12        7.        12       |
+-----------------------------+-----------------------------+-----------------------------+
|1.        47        39       |47        6.        2.       |39        8.        5.       |
|6.        357       379      |8.        1.        57       |4.        239       239      |
|8.        45        2.       |3.        45        9.       |7.        1.        6.       |
+-----------------------------+-----------------------------+-----------------------------+

+-----------------------------+-----------------------------+-----------------------------+
|4+        6+        5+       |1+        8+        3+       |2+        9+        7+       |
|3+        2+        1+       |7+        9+        6+       |8+        5+        4+       |
|9+        8+        7+       |2+        4+        5+       |6+        3+        1+       |
+-----------------------------+-----------------------------+-----------------------------+
|2+        1+        8+       |9+        7+        4+       |5+        6+        3+       |
|7+        3+        6+       |5+        2+        1+       |9+        4+        8+       |
|5+        9+        4+       |6+        3+        8+       |1+        7+        2+       |
+-----------------------------+-----------------------------+-----------------------------+
|1+        7+        9+       |4+        6+        2+       |3+        8+        5+       |
|6+        5+        3+       |8+        1+        7+       |4+        2+        9+       |
|8+        4+        2+       |3+        5+        9+       |7+        1+        6+       |
+-----------------------------+-----------------------------+-----------------------------+

.......127...6...........5..8.2.....6.....4.....1.9....19..........3.8..5.2......
+-----------------------------+-----------------------------+-----------------------------+
|3489      34569     34568    |345789    45789     34578    |3679      1.        2.       |
|7.        23459     13458    |34589     6.        123458   |39        3489      3489     |
|123489    23469     13468    |34789     124789    123478   |3679      5.        346789   |
+-----------------------------+-----------------------------+-----------------------------+
|1349      8.        13457    |2.        457       34567    |135679    3679      135679   |
|6.        23579     1357     |3578      578       3578     |4.        23789     135789   |
|234       23457     3457     |1.        4578      9.       |23567     23678     35678    |
+-----------------------------+-----------------------------+-----------------------------+
|348       1.        9.       |45678     24578     245678   |23567     23467     34567    |
|4         467       467      |45679     3.        124567   |8.        24679     145679   |
|5.        3467      2.       |46789     14789     14678    |13679     34679     134679   |
+-----------------------------+-----------------------------+-----------------------------+

Naked single : r8c1=4
Hidden single: r4c6=6, r7c1=8, r9c2=3

Naked pair: 6,7 in r8c23 => r8c489<>6, r8c4689<>7
+-----------------------------+-----------------------------+-----------------------------+
|39        4569      34568    |345789    45789     34578    |3679      1.        2.       |
|7.        2459      13458    |34589     6.        123458   |39        3489      3489     |
|1239      2469      13468    |34789     124789    123478   |3679      5.        346789   |
+-----------------------------+-----------------------------+-----------------------------+
|139       8.        13457    |2.        457       6+       |13579     379       13579    |
|6.        2579      1357     |3578      578       3578     |4.        23789     135789   |
|23        2457      3457     |1.        4578      9.       |23567     23678     35678    |
+-----------------------------+-----------------------------+-----------------------------+
|8+        1.        9.       |4567      2457      2457     |23567     23467     34567    |
|4+        6!7!      6!7!     |56x7x9    3.        1257x    |8.        26x7x9    156x7x9  |
|5.        3+        2.       |46789     14789     1478     |1679      4679      14679    |
+-----------------------------+-----------------------------+-----------------------------+

Pointing: 3 in b5 => r5c389<>3
+-----------------------------+-----------------------------+-----------------------------+
|39        4569      34568    |345789    45789     34578    |3679      1.        2.       |
|7.        2459      13458    |34589     6.        123458   |39        3489      3489     |
|1239      2469      13468    |34789     124789    123478   |3679      5.        346789   |
+-----------------------------+-----------------------------+-----------------------------+
|139       8.        13457    |2.        457       6+       |13579     379       13579    |
|6.        2579      13x57    |3!578     578       3!578    |4.        23x789    13x5789  |
|23        2457      3457     |1.        4578      9.       |23567     23678     35678    |
+-----------------------------+-----------------------------+-----------------------------+
|8+        1.        9.       |4567      2457      2457     |23567     23467     34567    |
|4+        67        67       |59        3.        125      |8.        29        159      |
|5.        3+        2.       |46789     14789     1478     |1679      4679      14679    |
+-----------------------------+-----------------------------+-----------------------------+

Pointing: 4 in b5 => r1379c5<>4
+-----------------------------+-----------------------------+-----------------------------+
|39        4569      34568    |345789    4x5789    34578    |3679      1.        2.       |
|7.        2459      13458    |34589     6.        123458   |39        3489      3489     |
|1239      2469      13468    |34789     124x789   123478   |3679      5.        346789   |
+-----------------------------+-----------------------------+-----------------------------+
|139       8.        13457    |2.        4!57      6+       |13579     379       13579    |
|6.        2579      157      |3578      578       3578     |4.        2789      15789    |
|23        2457      3457     |1.        4!578     9.       |23567     23678     35678    |
+-----------------------------+-----------------------------+-----------------------------+
|8+        1.        9.       |4567      24x57     2457     |23567     23467     34567    |
|4+        67        67       |59        3.        125      |8.        29        159      |
|5.        3+        2.       |46789     14x789    1478     |1679      4679      14679    |
+-----------------------------+-----------------------------+-----------------------------+

Swordfish: 1 r258 c369 => r3c36,r4c39,r9c69<>1
+-----------------------------+-----------------------------+-----------------------------+
|39        4569      34568    |345789    5789      34578    |3679      1.        2.       |
|7.        2459      1!3458   |34589     6.        1!23458  |39        3489      3489     |
|1239      2469      1x3468   |34789     12789     1x23478  |3679      5.        346789   |
+-----------------------------+-----------------------------+-----------------------------+
|139       8.        1x3457   |2.        457       6+       |13579     379       1x3579   |
|6.        2579      1!57     |3578      578       3578     |4.        2789      1!5789   |
|23        2457      3457     |1.        4578      9.       |23567     23678     35678    |
+-----------------------------+-----------------------------+-----------------------------+
|8+        1.        9.       |4567      257       2457     |23567     23467     34567    |
|4+        67        67       |59        3.        1!25     |8.        29        1!59     |
|5.        3+        2.       |46789     1789      1x478    |1679      4679      1x4679   |
+-----------------------------+-----------------------------+-----------------------------+

Swordfish: 2 r258 c268 => r3c26,r6c28,r7c68<>2
+-----------------------------+-----------------------------+-----------------------------+
|39        4569      34568    |345789    5789      34578    |3679      1.        2.       |
|7.        2!459     13458    |34589     6.        12!3458  |39        3489      3489     |
|1239      2x469     3468     |34789     12789     2x3478   |3679      5.        346789   |
+-----------------------------+-----------------------------+-----------------------------+
|139       8.        3457     |2.        457       6+       |13579     379       3579     |
|6.        2!579     157      |3578      578       3578     |4.        2!789     15789    |
|23        2x457     3457     |1.        4578      9.       |23567     2x3678    35678    |
+-----------------------------+-----------------------------+-----------------------------+
|8+        1.        9.       |4567      257       2x457    |23567     2x3467    34567    |
|4+        67        67       |59        3.        12!5     |8.        2!9       159      |
|5.        3+        2.       |46789     1789      478      |1679      4679      4679     |
+-----------------------------+-----------------------------+-----------------------------+

Hidden pair: 1,2 in r3c15 => r3c1<>3, r3c5<>7, r3c5<>8, r3c15<>9
+-----------------------------+-----------------------------+-----------------------------+
|39        4569      34568    |345789    5789      34578    |3679      1.        2.       |
|7.        2459      13458    |34589     6.        123458   |39        3489      3489     |
|1!2!3x9x  469       3468     |34789     1!2!7x8x9x 3478     |3679      5.        346789   |
+-----------------------------+-----------------------------+-----------------------------+
|139       8.        3457     |2.        457       6+       |13579     379       3579     |
|6.        2579      157      |3578      578       3578     |4.        2789      15789    |
|23        457       3457     |1.        4578      9.       |23567     3678      35678    |
+-----------------------------+-----------------------------+-----------------------------+
|8+        1.        9.       |4567      257       457      |23567     3467      34567    |
|4+        67        67       |59        3.        125      |8.        29        159      |
|5.        3+        2.       |46789     1789      478      |1679      4679      4679     |
+-----------------------------+-----------------------------+-----------------------------+

Hidden pair: 1,2 in r28c6 => r2c6<>3, r2c6<>4, r28c6<>5, r2c6<>8
+-----------------------------+-----------------------------+-----------------------------+
|39        4569      34568    |345789    5789      34578    |3679      1.        2.       |
|7.        2459      13458    |34589     6.        1!2!3x4x5x8x|39        3489      3489     |
|12        469       3468     |34789     12        3478     |3679      5.        346789   |
+-----------------------------+-----------------------------+-----------------------------+
|139       8.        3457     |2.        457       6+       |13579     379       3579     |
|6.        2579      157      |3578      578       3578     |4.        2789      15789    |
|23        457       3457     |1.        4578      9.       |23567     3678      35678    |
+-----------------------------+-----------------------------+-----------------------------+
|8+        1.        9.       |4567      257       457      |23567     3467      34567    |
|4+        67        67       |59        3.        1!2!5x   |8.        29        159      |
|5.        3+        2.       |46789     1789      478      |1679      4679      4679     |
+-----------------------------+-----------------------------+-----------------------------+

+-----------------------------+-----------------------------+-----------------------------+
|39        4569      34568    |345789    5789      34578    |3679      1.        2.       |
|7.        2459      13458    |34589     6.        12       |39        3489      3489     |
|12        469       3468     |34789     12        3478     |3679      5.        346789   |
+-----------------------------+-----------------------------+-----------------------------+
|139       8.        3457     |2.        457       6+       |13579     379       3579     |
|6.        2579      157      |3578      578       3578     |4.        2789      15789    |
|23        457       3457     |1.        4578      9.       |23567     3678      35678    |
+-----------------------------+-----------------------------+-----------------------------+
|8+        1.        9.       |4567      257       457      |23567     3467      34567    |
|4+        67        67       |59        3.        12       |8.        29        159      |
|5.        3+        2.       |46789     1789      478      |1679      4679      4679     |
+-----------------------------+-----------------------------+-----------------------------+

.......127...6...........5..8.2.6...6.....4.....1.9...819......4...3.8..532......
+-----------------------------+-----------------------------+-----------------------------+
|39        456       34568    |34578     5789      34578    |367       1.        2.       |
|7.        2459      13458    |34589     6.        12       |39        3489      3489     |
|12        469       3468     |34789     12        3478     |3679      5.        346789   |
+-----------------------------+-----------------------------+-----------------------------+
|19        8.        3457     |2.        457       6.       |13579     379       3579     |
|6.        2579      157      |3578      578       3578     |4.        2789      15789    |
|23        457       3457     |1.        4578      9.       |23567     3678      35678    |
+-----------------------------+-----------------------------+-----------------------------+
|8.        1.        9.       |4567      257       457      |23567     3467      34567    |
|4.        67        67       |59        3.        12       |8.        29        159      |
|5.        3.        2.       |46789     19        478      |1679      4679      4679     |
+-----------------------------+-----------------------------+-----------------------------+

XY-wing: 1/2/9 in r8c68,r9c5 => r8c4,r9c789<>9
+-----------------------------+-----------------------------+-----------------------------+
|39        456       34568    |34578     5789      34578    |367       1.        2.       |
|7.        2459      13458    |34589     6.        12       |39        3489      3489     |
|12        469       3468     |34789     12        3478     |3679      5.        346789   |
+-----------------------------+-----------------------------+-----------------------------+
|19        8.        3457     |2.        457       6.       |13579     379       3579     |
|6.        2579      157      |3578      578       3578     |4.        2789      15789    |
|23        457       3457     |1.        4578      9.       |23567     3678      35678    |
+-----------------------------+-----------------------------+-----------------------------+
|8.        1.        9.       |4567      257       457      |23567     3467      34567    |
|4.        67        67       |59x       3.        1a2a     |8.        2a9b      159      |
|5.        3.        2.       |46789     1a9b      478      |1679x     4679x     4679x    |
+-----------------------------+-----------------------------+-----------------------------+

Naked single : r8c4=5

Pointing: 5 in b2 => r1c23<>5
+-----------------------------+-----------------------------+-----------------------------+
|39        45x6      345x68   |3478      5!789     345!78   |367       1.        2.       |
|7.        2459      13458    |3489      6.        12       |39        3489      3489     |
|12        469       3468     |34789     12        3478     |3679      5.        346789   |
+-----------------------------+-----------------------------+-----------------------------+
|19        8.        3457     |2.        457       6.       |13579     379       3579     |
|6.        2579      157      |378       578       3578     |4.        2789      15789    |
|23        457       3457     |1.        4578      9.       |23567     3678      35678    |
+-----------------------------+-----------------------------+-----------------------------+
|8.        1.        9.       |467       27        47       |23567     3467      34567    |
|4.        67        67       |5+        3.        12       |8.        29        19       |
|5.        3.        2.       |46789     19        478      |167       467       467      |
+-----------------------------+-----------------------------+-----------------------------+

Naked quadruple: 3,4,8,9 in r2c4789 => r2c3<>3, r2c23<>4, r2c3<>8, r2c2<>9
+-----------------------------+-----------------------------+-----------------------------+
|39        46        3468     |3478      5789      34578    |367       1.        2.       |
|7.        24x59x    13x4x58x |3!4!8!9!  6.        12       |3!9!      3!4!8!9!  3!4!8!9! |
|12        469       3468     |34789     12        3478     |3679      5.        346789   |
+-----------------------------+-----------------------------+-----------------------------+
|19        8.        3457     |2.        457       6.       |13579     379       3579     |
|6.        2579      157      |378       578       3578     |4.        2789      15789    |
|23        457       3457     |1.        4578      9.       |23567     3678      35678    |
+-----------------------------+-----------------------------+-----------------------------+
|8.        1.        9.       |467       27        47       |23567     3467      34567    |
|4.        67        67       |5+        3.        12       |8.        29        19       |
|5.        3.        2.       |46789     19        478      |167       467       467      |
+-----------------------------+-----------------------------+-----------------------------+

+-----------------------------+-----------------------------+-----------------------------+
|39        46        3468     |3478      5789      34578    |367       1.        2.       |
|7.        25        15       |3489      6.        12       |39        3489      3489     |
|12        469       3468     |34789     12        3478     |3679      5.        346789   |
+-----------------------------+-----------------------------+-----------------------------+
|19        8.        3457     |2.        457       6.       |13579     379       3579     |
|6.        2579      157      |378       578       3578     |4.        2789      15789    |
|23        457       3457     |1.        4578      9.       |23567     3678      35678    |
+-----------------------------+-----------------------------+-----------------------------+
|8.        1.        9.       |467       27        47       |23567     3467      34567    |
|4.        67        67       |5+        3.        12       |8.        29        19       |
|5.        3.        2.       |46789     19        478      |167       467       467      |
+-----------------------------+-----------------------------+-----------------------------+

.......153..6............8.6...5.2.......1..........4..1.2..7.....76.3....8......
+-----------------------------+-----------------------------+-----------------------------+
|24789     246789    24679    |3489      234789    234789   |469       1.        5.       |
|3.        245789    124579   |6.        124789    245789   |49        279       2479     |
|124579    245679    1245679  |13459     123479    234579   |469       8.        234679   |
+-----------------------------+-----------------------------+-----------------------------+
|6.        34789     13479    |3489      5.        34789    |2.        379       13789    |
|245789    2345789   234579   |3489      234789    1.       |5689      35679     36789    |
|125789    235789    123579   |389       23789     236789   |15689     4.        136789   |
+-----------------------------+-----------------------------+-----------------------------+
|459       1.        34569    |2.        3489      34589    |7.        569       4689     |
|2459      2459      2459     |7.        6.        4589     |3.        259       12489    |
|24579     2345679   8.       |13459     1349      3459     |14569     2569      12469    |
+-----------------------------+-----------------------------+-----------------------------+

Hidden single: r3c9=3, r6c6=6, r8c9=1, r4c3=1, r2c5=1, r3c1=1, r6c7=1, r5c7=8, r5c8=5, r4c8=3
Hidden single: r2c8=7, r2c9=2, r5c9=6, r7c9=8, r8c6=8, r2c2=8, r4c4=8, r1c5=8, r6c1=8, r9c4=1
Hidden single: r3c4=5, r2c3=5, r6c2=5, r8c1=5, r7c6=5, r9c7=5, r9c9=4, r7c5=4
Naked single : r7c1=9, r7c8=6, r7c3=3
Hidden single: r5c2=3, r8c8=9
Naked single : r9c8=2, r9c1=7, r9c2=6

Pointing: 2 in b5 => r3c5<>2
+-----------------------------+-----------------------------+-----------------------------+
|24        2479      24679    |349       8+        23479    |469       1.        5.       |
|3.        8+        5+       |6.        1+        49       |49        7+        2+       |
|1+        2479      24679    |5+        2x79      2479     |469       8.        3+       |
+-----------------------------+-----------------------------+-----------------------------+
|6.        479       1+       |8+        5.        479      |2.        3+        79       |
|24        3+        2479     |49        2!79      1.       |8+        5+        6+       |
|8+        5+        279      |39        2!379     6+       |1+        4.        79       |
+-----------------------------+-----------------------------+-----------------------------+
|9+        1.        3+       |2.        4+        5+       |7.        6+        8+       |
|5+        24        24       |7.        6.        8+       |3.        9+        1+       |
|7+        6+        8.       |1+        39        39       |5+        2+        4+       |
+-----------------------------+-----------------------------+-----------------------------+

X-wing: 4 c14 r15 => r1c2367,r5c3<>4
+-----------------------------+-----------------------------+-----------------------------+
|24!       24x79     24x679   |34!9      8+        234x79   |4x69      1.        5.       |
|3.        8+        5+       |6.        1+        49       |49        7+        2+       |
|1+        2479      24679    |5+        79        2479     |469       8.        3+       |
+-----------------------------+-----------------------------+-----------------------------+
|6.        479       1+       |8+        5.        479      |2.        3+        79       |
|24!       3+        24x79    |4!9       279       1.       |8+        5+        6+       |
|8+        5+        279      |39        2379      6+       |1+        4.        79       |
+-----------------------------+-----------------------------+-----------------------------+
|9+        1.        3+       |2.        4+        5+       |7.        6+        8+       |
|5+        24        24       |7.        6.        8+       |3.        9+        1+       |
|7+        6+        8.       |1+        39        39       |5+        2+        4+       |
+-----------------------------+-----------------------------+-----------------------------+

+-----------------------------+-----------------------------+-----------------------------+
|24        279       2679     |349       8+        2379     |69        1.        5.       |
|3.        8+        5+       |6.        1+        49       |49        7+        2+       |
|1+        2479      24679    |5+        79        2479     |469       8.        3+       |
+-----------------------------+-----------------------------+-----------------------------+
|6.        479       1+       |8+        5.        479      |2.        3+        79       |
|24        3+        279      |49        279       1.       |8+        5+        6+       |
|8+        5+        279      |39        2379      6+       |1+        4.        79       |
+-----------------------------+-----------------------------+-----------------------------+
|9+        1.        3+       |2.        4+        5+       |7.        6+        8+       |
|5+        24        24       |7.        6.        8+       |3.        9+        1+       |
|7+        6+        8.       |1+        39        39       |5+        2+        4+       |
+-----------------------------+-----------------------------+-----------------------------+

....8..1538561..721..5...836.185.23..3...185685...614.9132457685247683917681..524
+-----------------------------+-----------------------------+-----------------------------+
|24        79        2679     |349       8.        2379     |69        1.        5.       |
|3.        8.        5.       |6.        1.        49       |49        7.        2.       |
|1.        479       2679     |5.        79        2479     |469       8.        3.       |
+-----------------------------+-----------------------------+-----------------------------+
|6.        479       1.       |8.        5.        47       |2.        3.        79       |
|24        3.        279      |49        279       1.       |8.        5.        6.       |
|8.        5.        279      |39        2379      6.       |1.        4.        79       |
+-----------------------------+-----------------------------+-----------------------------+
|9.        1.        3.       |2.        4.        5.       |7.        6.        8.       |
|5.        2.        4.       |7.        6.        8.       |3.        9.        1.       |
|7.        6.        8.       |1.        39        39       |5.        2.        4.       |
+-----------------------------+-----------------------------+-----------------------------+

XY-wing: 4/9/7 in r24c6,r3c5 => r13c6,r56c5<>7
+-----------------------------+-----------------------------+-----------------------------+
|24        79        2679     |349       8.        237x9    |69        1.        5.       |
|3.        8.        5.       |6.        1.        4a9a     |49        7.        2.       |
|1.        479       2679     |5.        7b9a      247x9    |469       8.        3.       |
+-----------------------------+-----------------------------+-----------------------------+
|6.        479       1.       |8.        5.        4a7b     |2.        3.        79       |
|24        3.        279      |49        27x9      1.       |8.        5.        6.       |
|8.        5.        279      |39        237x9     6.       |1.        4.        79       |
+-----------------------------+-----------------------------+-----------------------------+
|9.        1.        3.       |2.        4.        5.       |7.        6.        8.       |
|5.        2.        4.       |7.        6.        8.       |3.        9.        1.       |
|7.        6.        8.       |1.        39        39       |5.        2.        4.       |
+-----------------------------+-----------------------------+-----------------------------+

Hidden single: r3c5=7, r4c6=7
Naked single : r4c9=9, r4c2=4, r3c2=9, r1c2=7, r5c1=2, r1c1=4, r5c5=9, r5c3=7, r5c4=4, r6c3=9
Naked single : r6c4=3, r1c4=9, r1c7=6, r1c3=2, r1c6=3, r2c6=4, r2c7=9, r3c3=6, r3c6=2, r3c7=4
Naked single : r6c5=2, r6c9=7, r9c5=3, r9c6=9

+-----------------------------+-----------------------------+-----------------------------+
|4+        7+        2+       |9+        8.        3+       |6+        1.        5.       |
|3.        8.        5.       |6.        1.        4+       |9+        7.        2.       |
|1.        9+        6+       |5.        7+        2+       |4+        8.        3.       |
+-----------------------------+-----------------------------+-----------------------------+
|6.        4+        1.       |8.        5.        7+       |2.        3.        9+       |
|2+        3.        7+       |4+        9+        1.       |8.        5.        6.       |
|8.        5.        9+       |3+        2+        6.       |1.        4.        7+       |
+-----------------------------+-----------------------------+-----------------------------+
|9.        1.        3.       |2.        4.        5.       |7.        6.        8.       |
|5.        2.        4.       |7.        6.        8.       |3.        9.        1.       |
|7.        6.        8.       |1.        3+        9+       |5.        2.        4.       |
+-----------------------------+-----------------------------+-----------------------------+

Test file: tests/formats/str81-strcand.txt Result: False Solved: 1/4 Time: 0.431
TEST FAILURE
